To: matanworkneh77@gmail.com
Subject: Study Crew: hey there
Headers: Array
(
    [0] => From: Study Crew User <noreply@studycrew.com>
    [1] => Reply-To: noreply@studycrew.com
    [2] => X-Mailer: PHP/8.4.8
    [3] => MIME-Version: 1.0
    [4] => Content-type: text/html; charset=utf-8
)

Body: 
    <html>
    <head>
        <style>
            body { font-family: Arial, sans-serif; line-height: 1.6; color: #333; max-width: 600px; margin: 0 auto; padding: 20px; }
            .header { background: #667eea; color: white; padding: 20px; text-align: center; border-radius: 8px 8px 0 0; }
            .content { padding: 20px; background: #f9f9f9; border-left: 1px solid #e0e0e0; border-right: 1px solid #e0e0e0; }
            .footer { background: #f1f1f1; padding: 10px 20px; text-align: center; border-radius: 0 0 8px 8px; font-size: 0.9em; color: #666; }
            .message { background: white; padding: 15px; border-radius: 4px; border-left: 4px solid #667eea; margin: 15px 0; }
        </style>
    </head>
    <body>
        <div class='header'>
            <h2>New Message from Study Crew</h2>
        </div>
        <div class='content'>
            <p>Hello,</p>
            <p>You have received a new message from a student through Study Crew:</p>
            
            <div class='message'>
                <p><strong>Subject:</strong> hey there</p>
                <p>i need help asap!</p>
            </div>
            
            <p>You can reply directly to this email to respond to the student.</p>
        </div>
        <div class='footer'>
            <p>This message was sent via Study Crew platform. Please do not reply to this email directly.</p>
        </div>
    </body>
    </html>
